== diag_net run 2026-08-31T10:55:43Z
{"name":"sec_daily_index","url":"https://www.sec.gov/Archives/edgar/daily-index/master.20260829.idx","status":403,"error":"HTTP 403"}
{"name":"sec_efts_search","url":"https://efts.sec.gov/LATEST/search-index?q=%22&dateRange=custom&startdt=2026-08-29&enddt=2026-08-29&forms=4","status":403,"error":"HTTP 403"}
{"name":"sec_quarter_zip_new","url":"https://www.sec.gov/files/datastandardsinnovation/data/insider-transactions-data-sets/2026q3_form345.zip","status":403,"error":"HTTP 403"}
{"name":"sec_quarter_zip_old","url":"https://www.sec.gov/files/structureddata/data/insider-transactions-data-sets/2026q3_form345.zip","status":403,"error":"HTTP 403"}
{"name":"sec_filing_text","url":"https://www.sec.gov/Archives/edgar/data/1855509/000173112226001019/0001731122-26-001019-index.htm","status":403,"error":"HTTP 403"}
{"name":"yahoo_chart","url":"https://query1.finance.yahoo.com/v8/finance/chart/ABSI?interval=1d&range=5y&events=split","status":200,"content_type":"application/json;charset=utf-8","content_length":"","bytes":135768,"preview":"{\"chart\":{\"result\":[{\"meta\":{\"currency\":\"USD\",\"symbol\":\"ABSI\",\"exchangeName\":\"NM"}
{"name":"yahoo_chart_2","url":"https://query2.finance.yahoo.com/v8/finance/chart/ABSI?interval=1d&range=5y&events=split","status":200,"content_type":"application/json;charset=utf-8","content_length":""}
{"name":"stooq_csv","url":"https://stooq.com/q/d/l/?s=absi.us&i=d","status":200,"content_type":"text/html; charset=utf-8","content_length":"","bytes":796,"preview":"<!DOCTYPE html><html><head><meta charset=\"utf-8\"><meta name=\"robots\" content=\"no"}
{"name":"nasdaq_api","url":"https://api.nasdaq.com/api/quote/ABSI/historical?assetclass=stocks&limit=5","status":null,"error":"TimeoutError: The read operation timed out"}

== diag_net run 2026-09-01T09:33:16Z
{"name":"sec_daily_index","url":"https://www.sec.gov/Archives/edgar/daily-index/master.20260830.idx","status":403,"error":"HTTP 403"}
{"name":"sec_efts_search","url":"https://efts.sec.gov/LATEST/search-index?q=%22&dateRange=custom&startdt=2026-08-30&enddt=2026-08-30&forms=4","status":403,"error":"HTTP 403"}
{"name":"sec_quarter_zip_new","url":"https://www.sec.gov/files/datastandardsinnovation/data/insider-transactions-data-sets/2026q3_form345.zip","status":403,"error":"HTTP 403"}
{"name":"sec_quarter_zip_old","url":"https://www.sec.gov/files/structureddata/data/insider-transactions-data-sets/2026q3_form345.zip","status":403,"error":"HTTP 403"}
{"name":"sec_filing_text","url":"https://www.sec.gov/Archives/edgar/data/1855509/000173112226001019/0001731122-26-001019-index.htm","status":403,"error":"HTTP 403"}
{"name":"yahoo_chart","url":"https://query1.finance.yahoo.com/v8/finance/chart/ABSI?interval=1d&range=5y&events=split","status":200,"content_type":"application/json;charset=utf-8","content_length":"","bytes":135666,"preview":"{\"chart\":{\"result\":[{\"meta\":{\"currency\":\"USD\",\"symbol\":\"ABSI\",\"exchangeName\":\"NM"}
{"name":"yahoo_chart_2","url":"https://query2.finance.yahoo.com/v8/finance/chart/ABSI?interval=1d&range=5y&events=split","status":200,"content_type":"application/json;charset=utf-8","content_length":""}
{"name":"stooq_csv","url":"https://stooq.com/q/d/l/?s=absi.us&i=d","status":200,"content_type":"text/html; charset=utf-8","content_length":"","bytes":796,"preview":"<!DOCTYPE html><html><head><meta charset=\"utf-8\"><meta name=\"robots\" content=\"no"}
{"name":"nasdaq_api","url":"https://api.nasdaq.com/api/quote/ABSI/historical?assetclass=stocks&limit=5","status":null,"error":"TimeoutError: The read operation timed out"}

== diag_net run 2026-09-02T08:46:56Z
{"name":"sec_daily_index","url":"https://www.sec.gov/Archives/edgar/daily-index/master.20260831.idx","status":403,"error":"HTTP 403"}
{"name":"sec_efts_search","url":"https://efts.sec.gov/LATEST/search-index?q=%22&dateRange=custom&startdt=2026-08-31&enddt=2026-08-31&forms=4","status":403,"error":"HTTP 403"}
{"name":"sec_quarter_zip_new","url":"https://www.sec.gov/files/datastandardsinnovation/data/insider-transactions-data-sets/2026q3_form345.zip","status":403,"error":"HTTP 403"}
{"name":"sec_quarter_zip_old","url":"https://www.sec.gov/files/structureddata/data/insider-transactions-data-sets/2026q3_form345.zip","status":403,"error":"HTTP 403"}
{"name":"sec_filing_text","url":"https://www.sec.gov/Archives/edgar/data/1855509/000173112226001019/0001731122-26-001019-index.htm","status":403,"error":"HTTP 403"}
{"name":"yahoo_chart","url":"https://query1.finance.yahoo.com/v8/finance/chart/ABSI?interval=1d&range=5y&events=split","status":200,"content_type":"application/json;charset=utf-8","content_length":"","bytes":135599,"preview":"{\"chart\":{\"result\":[{\"meta\":{\"currency\":\"USD\",\"symbol\":\"ABSI\",\"exchangeName\":\"NM"}
{"name":"yahoo_chart_2","url":"https://query2.finance.yahoo.com/v8/finance/chart/ABSI?interval=1d&range=5y&events=split","status":200,"content_type":"application/json;charset=utf-8","content_length":""}
{"name":"stooq_csv","url":"https://stooq.com/q/d/l/?s=absi.us&i=d","status":200,"content_type":"text/html; charset=utf-8","content_length":"","bytes":796,"preview":"<!DOCTYPE html><html><head><meta charset=\"utf-8\"><meta name=\"robots\" content=\"no"}
{"name":"nasdaq_api","url":"https://api.nasdaq.com/api/quote/ABSI/historical?assetclass=stocks&limit=5","status":null,"error":"TimeoutError: The read operation timed out"}

== diag_net run 2026-09-03T08:56:16Z
{"name":"sec_daily_index","url":"https://www.sec.gov/Archives/edgar/daily-index/master.20260901.idx","status":403,"error":"HTTP 403"}
{"name":"sec_efts_search","url":"https://efts.sec.gov/LATEST/search-index?q=%22&dateRange=custom&startdt=2026-09-01&enddt=2026-09-01&forms=4","status":403,"error":"HTTP 403"}
{"name":"sec_quarter_zip_new","url":"https://www.sec.gov/files/datastandardsinnovation/data/insider-transactions-data-sets/2026q3_form345.zip","status":403,"error":"HTTP 403"}
{"name":"sec_quarter_zip_old","url":"https://www.sec.gov/files/structureddata/data/insider-transactions-data-sets/2026q3_form345.zip","status":403,"error":"HTTP 403"}
{"name":"sec_filing_text","url":"https://www.sec.gov/Archives/edgar/data/1855509/000173112226001019/0001731122-26-001019-index.htm","status":403,"error":"HTTP 403"}
{"name":"yahoo_chart","url":"https://query1.finance.yahoo.com/v8/finance/chart/ABSI?interval=1d&range=5y&events=split","status":200,"content_type":"application/json;charset=utf-8","content_length":"","bytes":135668,"preview":"{\"chart\":{\"result\":[{\"meta\":{\"currency\":\"USD\",\"symbol\":\"ABSI\",\"exchangeName\":\"NM"}
{"name":"yahoo_chart_2","url":"https://query2.finance.yahoo.com/v8/finance/chart/ABSI?interval=1d&range=5y&events=split","status":200,"content_type":"application/json;charset=utf-8","content_length":""}
{"name":"stooq_csv","url":"https://stooq.com/q/d/l/?s=absi.us&i=d","status":200,"content_type":"text/html; charset=utf-8","content_length":"","bytes":796,"preview":"<!DOCTYPE html><html><head><meta charset=\"utf-8\"><meta name=\"robots\" content=\"no"}
{"name":"nasdaq_api","url":"https://api.nasdaq.com/api/quote/ABSI/historical?assetclass=stocks&limit=5","status":null,"error":"TimeoutError: The read operation timed out"}

== diag_net run 2026-09-04T08:51:28Z
{"name":"sec_daily_index","url":"https://www.sec.gov/Archives/edgar/daily-index/master.20260902.idx","status":403,"error":"HTTP 403"}
{"name":"sec_efts_search","url":"https://efts.sec.gov/LATEST/search-index?q=%22&dateRange=custom&startdt=2026-09-02&enddt=2026-09-02&forms=4","status":403,"error":"HTTP 403"}
{"name":"sec_quarter_zip_new","url":"https://www.sec.gov/files/datastandardsinnovation/data/insider-transactions-data-sets/2026q3_form345.zip","status":403,"error":"HTTP 403"}
{"name":"sec_quarter_zip_old","url":"https://www.sec.gov/files/structureddata/data/insider-transactions-data-sets/2026q3_form345.zip","status":403,"error":"HTTP 403"}
{"name":"sec_filing_text","url":"https://www.sec.gov/Archives/edgar/data/1855509/000173112226001019/0001731122-26-001019-index.htm","status":403,"error":"HTTP 403"}
{"name":"yahoo_chart","url":"https://query1.finance.yahoo.com/v8/finance/chart/ABSI?interval=1d&range=5y&events=split","status":200,"content_type":"application/json;charset=utf-8","content_length":"","bytes":135728,"preview":"{\"chart\":{\"result\":[{\"meta\":{\"currency\":\"USD\",\"symbol\":\"ABSI\",\"exchangeName\":\"NM"}
{"name":"yahoo_chart_2","url":"https://query2.finance.yahoo.com/v8/finance/chart/ABSI?interval=1d&range=5y&events=split","status":200,"content_type":"application/json;charset=utf-8","content_length":""}
{"name":"stooq_csv","url":"https://stooq.com/q/d/l/?s=absi.us&i=d","status":200,"content_type":"text/html; charset=utf-8","content_length":"","bytes":796,"preview":"<!DOCTYPE html><html><head><meta charset=\"utf-8\"><meta name=\"robots\" content=\"no"}
{"name":"nasdaq_api","url":"https://api.nasdaq.com/api/quote/ABSI/historical?assetclass=stocks&limit=5","status":null,"error":"TimeoutError: The read operation timed out"}

== diag_net run 2026-09-05T08:26:33Z
{"name":"sec_daily_index","url":"https://www.sec.gov/Archives/edgar/daily-index/master.20260903.idx","status":403,"error":"HTTP 403"}
{"name":"sec_efts_search","url":"https://efts.sec.gov/LATEST/search-index?q=%22&dateRange=custom&startdt=2026-09-03&enddt=2026-09-03&forms=4","status":403,"error":"HTTP 403"}
{"name":"sec_quarter_zip_new","url":"https://www.sec.gov/files/datastandardsinnovation/data/insider-transactions-data-sets/2026q3_form345.zip","status":403,"error":"HTTP 403"}
{"name":"sec_quarter_zip_old","url":"https://www.sec.gov/files/structureddata/data/insider-transactions-data-sets/2026q3_form345.zip","status":403,"error":"HTTP 403"}
{"name":"sec_filing_text","url":"https://www.sec.gov/Archives/edgar/data/1855509/000173112226001019/0001731122-26-001019-index.htm","status":403,"error":"HTTP 403"}
{"name":"yahoo_chart","url":"https://query1.finance.yahoo.com/v8/finance/chart/ABSI?interval=1d&range=5y&events=split","status":200,"content_type":"application/json;charset=utf-8","content_length":"","bytes":135838,"preview":"{\"chart\":{\"result\":[{\"meta\":{\"currency\":\"USD\",\"symbol\":\"ABSI\",\"exchangeName\":\"NM"}
{"name":"yahoo_chart_2","url":"https://query2.finance.yahoo.com/v8/finance/chart/ABSI?interval=1d&range=5y&events=split","status":200,"content_type":"application/json;charset=utf-8","content_length":""}
{"name":"stooq_csv","url":"https://stooq.com/q/d/l/?s=absi.us&i=d","status":200,"content_type":"text/html; charset=utf-8","content_length":"","bytes":796,"preview":"<!DOCTYPE html><html><head><meta charset=\"utf-8\"><meta name=\"robots\" content=\"no"}
{"name":"nasdaq_api","url":"https://api.nasdaq.com/api/quote/ABSI/historical?assetclass=stocks&limit=5","status":null,"error":"TimeoutError: The read operation timed out"}

== diag_net run 2026-09-06T08:42:06Z
{"name":"sec_daily_index","url":"https://www.sec.gov/Archives/edgar/daily-index/master.20260904.idx","status":403,"error":"HTTP 403"}
{"name":"sec_efts_search","url":"https://efts.sec.gov/LATEST/search-index?q=%22&dateRange=custom&startdt=2026-09-04&enddt=2026-09-04&forms=4","status":403,"error":"HTTP 403"}
{"name":"sec_quarter_zip_new","url":"https://www.sec.gov/files/datastandardsinnovation/data/insider-transactions-data-sets/2026q3_form345.zip","status":403,"error":"HTTP 403"}
{"name":"sec_quarter_zip_old","url":"https://www.sec.gov/files/structureddata/data/insider-transactions-data-sets/2026q3_form345.zip","status":403,"error":"HTTP 403"}
{"name":"sec_filing_text","url":"https://www.sec.gov/Archives/edgar/data/1855509/000173112226001019/0001731122-26-001019-index.htm","status":403,"error":"HTTP 403"}
{"name":"yahoo_chart","url":"https://query1.finance.yahoo.com/v8/finance/chart/ABSI?interval=1d&range=5y&events=split","status":200,"content_type":"application/json;charset=utf-8","content_length":"","bytes":135838,"preview":"{\"chart\":{\"result\":[{\"meta\":{\"currency\":\"USD\",\"symbol\":\"ABSI\",\"exchangeName\":\"NM"}
{"name":"yahoo_chart_2","url":"https://query2.finance.yahoo.com/v8/finance/chart/ABSI?interval=1d&range=5y&events=split","status":200,"content_type":"application/json;charset=utf-8","content_length":""}
{"name":"stooq_csv","url":"https://stooq.com/q/d/l/?s=absi.us&i=d","status":200,"content_type":"text/html; charset=utf-8","content_length":"","bytes":796,"preview":"<!DOCTYPE html><html><head><meta charset=\"utf-8\"><meta name=\"robots\" content=\"no"}
{"name":"nasdaq_api","url":"https://api.nasdaq.com/api/quote/ABSI/historical?assetclass=stocks&limit=5","status":null,"error":"TimeoutError: The read operation timed out"}

== diag_net run 2026-09-07T09:20:20Z
{"name":"sec_daily_index","url":"https://www.sec.gov/Archives/edgar/daily-index/master.20260905.idx","status":403,"error":"HTTP 403"}
{"name":"sec_efts_search","url":"https://efts.sec.gov/LATEST/search-index?q=%22&dateRange=custom&startdt=2026-09-05&enddt=2026-09-05&forms=4","status":403,"error":"HTTP 403"}
{"name":"sec_quarter_zip_new","url":"https://www.sec.gov/files/datastandardsinnovation/data/insider-transactions-data-sets/2026q3_form345.zip","status":403,"error":"HTTP 403"}
{"name":"sec_quarter_zip_old","url":"https://www.sec.gov/files/structureddata/data/insider-transactions-data-sets/2026q3_form345.zip","status":403,"error":"HTTP 403"}
{"name":"sec_filing_text","url":"https://www.sec.gov/Archives/edgar/data/1855509/000173112226001019/0001731122-26-001019-index.htm","status":403,"error":"HTTP 403"}
{"name":"yahoo_chart","url":"https://query1.finance.yahoo.com/v8/finance/chart/ABSI?interval=1d&range=5y&events=split","status":200,"content_type":"application/json;charset=utf-8","content_length":"","bytes":135838,"preview":"{\"chart\":{\"result\":[{\"meta\":{\"currency\":\"USD\",\"symbol\":\"ABSI\",\"exchangeName\":\"NM"}
{"name":"yahoo_chart_2","url":"https://query2.finance.yahoo.com/v8/finance/chart/ABSI?interval=1d&range=5y&events=split","status":200,"content_type":"application/json;charset=utf-8","content_length":""}
{"name":"stooq_csv","url":"https://stooq.com/q/d/l/?s=absi.us&i=d","status":200,"content_type":"text/html; charset=utf-8","content_length":"","bytes":796,"preview":"<!DOCTYPE html><html><head><meta charset=\"utf-8\"><meta name=\"robots\" content=\"no"}
{"name":"nasdaq_api","url":"https://api.nasdaq.com/api/quote/ABSI/historical?assetclass=stocks&limit=5","status":null,"error":"TimeoutError: The read operation timed out"}

== diag_net run 2026-09-08T08:55:51Z
{"name":"sec_daily_index","url":"https://www.sec.gov/Archives/edgar/daily-index/master.20260906.idx","status":403,"error":"HTTP 403"}
{"name":"sec_efts_search","url":"https://efts.sec.gov/LATEST/search-index?q=%22&dateRange=custom&startdt=2026-09-06&enddt=2026-09-06&forms=4","status":403,"error":"HTTP 403"}
{"name":"sec_quarter_zip_new","url":"https://www.sec.gov/files/datastandardsinnovation/data/insider-transactions-data-sets/2026q3_form345.zip","status":403,"error":"HTTP 403"}
{"name":"sec_quarter_zip_old","url":"https://www.sec.gov/files/structureddata/data/insider-transactions-data-sets/2026q3_form345.zip","status":403,"error":"HTTP 403"}
{"name":"sec_filing_text","url":"https://www.sec.gov/Archives/edgar/data/1855509/000173112226001019/0001731122-26-001019-index.htm","status":403,"error":"HTTP 403"}
{"name":"yahoo_chart","url":"https://query1.finance.yahoo.com/v8/finance/chart/ABSI?interval=1d&range=5y&events=split","status":200,"content_type":"application/json;charset=utf-8","content_length":"","bytes":135839,"preview":"{\"chart\":{\"result\":[{\"meta\":{\"currency\":\"USD\",\"symbol\":\"ABSI\",\"exchangeName\":\"NM"}
{"name":"yahoo_chart_2","url":"https://query2.finance.yahoo.com/v8/finance/chart/ABSI?interval=1d&range=5y&events=split","status":200,"content_type":"application/json;charset=utf-8","content_length":""}
{"name":"stooq_csv","url":"https://stooq.com/q/d/l/?s=absi.us&i=d","status":200,"content_type":"text/html; charset=utf-8","content_length":"","bytes":796,"preview":"<!DOCTYPE html><html><head><meta charset=\"utf-8\"><meta name=\"robots\" content=\"no"}
{"name":"nasdaq_api","url":"https://api.nasdaq.com/api/quote/ABSI/historical?assetclass=stocks&limit=5","status":null,"error":"TimeoutError: The read operation timed out"}

== diag_net run 2026-09-09T09:02:52Z
{"name":"sec_daily_index","url":"https://www.sec.gov/Archives/edgar/daily-index/master.20260907.idx","status":403,"error":"HTTP 403"}
{"name":"sec_efts_search","url":"https://efts.sec.gov/LATEST/search-index?q=%22&dateRange=custom&startdt=2026-09-07&enddt=2026-09-07&forms=4","status":403,"error":"HTTP 403"}
{"name":"sec_quarter_zip_new","url":"https://www.sec.gov/files/datastandardsinnovation/data/insider-transactions-data-sets/2026q3_form345.zip","status":403,"error":"HTTP 403"}
{"name":"sec_quarter_zip_old","url":"https://www.sec.gov/files/structureddata/data/insider-transactions-data-sets/2026q3_form345.zip","status":403,"error":"HTTP 403"}
{"name":"sec_filing_text","url":"https://www.sec.gov/Archives/edgar/data/1855509/000173112226001019/0001731122-26-001019-index.htm","status":403,"error":"HTTP 403"}
{"name":"yahoo_chart","url":"https://query1.finance.yahoo.com/v8/finance/chart/ABSI?interval=1d&range=5y&events=split","status":200,"content_type":"application/json;charset=utf-8","content_length":"","bytes":135745,"preview":"{\"chart\":{\"result\":[{\"meta\":{\"currency\":\"USD\",\"symbol\":\"ABSI\",\"exchangeName\":\"NM"}
{"name":"yahoo_chart_2","url":"https://query2.finance.yahoo.com/v8/finance/chart/ABSI?interval=1d&range=5y&events=split","status":200,"content_type":"application/json;charset=utf-8","content_length":""}
{"name":"stooq_csv","url":"https://stooq.com/q/d/l/?s=absi.us&i=d","status":200,"content_type":"text/html; charset=utf-8","content_length":"","bytes":796,"preview":"<!DOCTYPE html><html><head><meta charset=\"utf-8\"><meta name=\"robots\" content=\"no"}
{"name":"nasdaq_api","url":"https://api.nasdaq.com/api/quote/ABSI/historical?assetclass=stocks&limit=5","status":null,"error":"TimeoutError: The read operation timed out"}

== diag_net run 2026-09-10T09:00:38Z
{"name":"sec_daily_index","url":"https://www.sec.gov/Archives/edgar/daily-index/master.20260908.idx","status":403,"error":"HTTP 403"}
{"name":"sec_efts_search","url":"https://efts.sec.gov/LATEST/search-index?q=%22&dateRange=custom&startdt=2026-09-08&enddt=2026-09-08&forms=4","status":403,"error":"HTTP 403"}
{"name":"sec_quarter_zip_new","url":"https://www.sec.gov/files/datastandardsinnovation/data/insider-transactions-data-sets/2026q3_form345.zip","status":403,"error":"HTTP 403"}
{"name":"sec_quarter_zip_old","url":"https://www.sec.gov/files/structureddata/data/insider-transactions-data-sets/2026q3_form345.zip","status":403,"error":"HTTP 403"}
{"name":"sec_filing_text","url":"https://www.sec.gov/Archives/edgar/data/1855509/000173112226001019/0001731122-26-001019-index.htm","status":403,"error":"HTTP 403"}
{"name":"yahoo_chart","url":"https://query1.finance.yahoo.com/v8/finance/chart/ABSI?interval=1d&range=5y&events=split","status":200,"content_type":"application/json;charset=utf-8","content_length":"","bytes":135747,"preview":"{\"chart\":{\"result\":[{\"meta\":{\"currency\":\"USD\",\"symbol\":\"ABSI\",\"exchangeName\":\"NM"}
{"name":"yahoo_chart_2","url":"https://query2.finance.yahoo.com/v8/finance/chart/ABSI?interval=1d&range=5y&events=split","status":200,"content_type":"application/json;charset=utf-8","content_length":""}
{"name":"stooq_csv","url":"https://stooq.com/q/d/l/?s=absi.us&i=d","status":200,"content_type":"text/html; charset=utf-8","content_length":"","bytes":796,"preview":"<!DOCTYPE html><html><head><meta charset=\"utf-8\"><meta name=\"robots\" content=\"no"}
{"name":"nasdaq_api","url":"https://api.nasdaq.com/api/quote/ABSI/historical?assetclass=stocks&limit=5","status":null,"error":"TimeoutError: The read operation timed out"}

== diag_net run 2026-09-11T08:58:51Z
{"name":"sec_daily_index","url":"https://www.sec.gov/Archives/edgar/daily-index/master.20260909.idx","status":403,"error":"HTTP 403"}
{"name":"sec_efts_search","url":"https://efts.sec.gov/LATEST/search-index?q=%22&dateRange=custom&startdt=2026-09-09&enddt=2026-09-09&forms=4","status":403,"error":"HTTP 403"}
{"name":"sec_quarter_zip_new","url":"https://www.sec.gov/files/datastandardsinnovation/data/insider-transactions-data-sets/2026q3_form345.zip","status":403,"error":"HTTP 403"}
{"name":"sec_quarter_zip_old","url":"https://www.sec.gov/files/structureddata/data/insider-transactions-data-sets/2026q3_form345.zip","status":403,"error":"HTTP 403"}
{"name":"sec_filing_text","url":"https://www.sec.gov/Archives/edgar/data/1855509/000173112226001019/0001731122-26-001019-index.htm","status":403,"error":"HTTP 403"}
{"name":"yahoo_chart","url":"https://query1.finance.yahoo.com/v8/finance/chart/ABSI?interval=1d&range=5y&events=split","status":200,"content_type":"application/json;charset=utf-8","content_length":"","bytes":135730,"preview":"{\"chart\":{\"result\":[{\"meta\":{\"currency\":\"USD\",\"symbol\":\"ABSI\",\"exchangeName\":\"NM"}
{"name":"yahoo_chart_2","url":"https://query2.finance.yahoo.com/v8/finance/chart/ABSI?interval=1d&range=5y&events=split","status":200,"content_type":"application/json;charset=utf-8","content_length":""}
{"name":"stooq_csv","url":"https://stooq.com/q/d/l/?s=absi.us&i=d","status":200,"content_type":"text/html; charset=utf-8","content_length":"","bytes":796,"preview":"<!DOCTYPE html><html><head><meta charset=\"utf-8\"><meta name=\"robots\" content=\"no"}
{"name":"nasdaq_api","url":"https://api.nasdaq.com/api/quote/ABSI/historical?assetclass=stocks&limit=5","status":null,"error":"TimeoutError: The read operation timed out"}

== diag_net run 2026-09-12T08:44:40Z
{"name":"sec_daily_index","url":"https://www.sec.gov/Archives/edgar/daily-index/master.20260910.idx","status":403,"error":"HTTP 403"}
{"name":"sec_efts_search","url":"https://efts.sec.gov/LATEST/search-index?q=%22&dateRange=custom&startdt=2026-09-10&enddt=2026-09-10&forms=4","status":403,"error":"HTTP 403"}
{"name":"sec_quarter_zip_new","url":"https://www.sec.gov/files/datastandardsinnovation/data/insider-transactions-data-sets/2026q3_form345.zip","status":403,"error":"HTTP 403"}
{"name":"sec_quarter_zip_old","url":"https://www.sec.gov/files/structureddata/data/insider-transactions-data-sets/2026q3_form345.zip","status":403,"error":"HTTP 403"}
{"name":"sec_filing_text","url":"https://www.sec.gov/Archives/edgar/data/1855509/000173112226001019/0001731122-26-001019-index.htm","status":403,"error":"HTTP 403"}
{"name":"yahoo_chart","url":"https://query1.finance.yahoo.com/v8/finance/chart/ABSI?interval=1d&range=5y&events=split","status":200,"content_type":"application/json;charset=utf-8","content_length":"","bytes":135842,"preview":"{\"chart\":{\"result\":[{\"meta\":{\"currency\":\"USD\",\"symbol\":\"ABSI\",\"exchangeName\":\"NM"}
{"name":"yahoo_chart_2","url":"https://query2.finance.yahoo.com/v8/finance/chart/ABSI?interval=1d&range=5y&events=split","status":200,"content_type":"application/json;charset=utf-8","content_length":""}
{"name":"stooq_csv","url":"https://stooq.com/q/d/l/?s=absi.us&i=d","status":200,"content_type":"text/html; charset=utf-8","content_length":"","bytes":796,"preview":"<!DOCTYPE html><html><head><meta charset=\"utf-8\"><meta name=\"robots\" content=\"no"}
{"name":"nasdaq_api","url":"https://api.nasdaq.com/api/quote/ABSI/historical?assetclass=stocks&limit=5","status":null,"error":"TimeoutError: The read operation timed out"}

== diag_net run 2026-09-13T09:36:18Z
{"name":"sec_daily_index","url":"https://www.sec.gov/Archives/edgar/daily-index/master.20260911.idx","status":403,"error":"HTTP 403"}
{"name":"sec_efts_search","url":"https://efts.sec.gov/LATEST/search-index?q=%22&dateRange=custom&startdt=2026-09-11&enddt=2026-09-11&forms=4","status":403,"error":"HTTP 403"}
{"name":"sec_quarter_zip_new","url":"https://www.sec.gov/files/datastandardsinnovation/data/insider-transactions-data-sets/2026q3_form345.zip","status":403,"error":"HTTP 403"}
{"name":"sec_quarter_zip_old","url":"https://www.sec.gov/files/structureddata/data/insider-transactions-data-sets/2026q3_form345.zip","status":403,"error":"HTTP 403"}
{"name":"sec_filing_text","url":"https://www.sec.gov/Archives/edgar/data/1855509/000173112226001019/0001731122-26-001019-index.htm","status":403,"error":"HTTP 403"}
{"name":"yahoo_chart","url":"https://query1.finance.yahoo.com/v8/finance/chart/ABSI?interval=1d&range=5y&events=split","status":200,"content_type":"application/json;charset=utf-8","content_length":"","bytes":135842,"preview":"{\"chart\":{\"result\":[{\"meta\":{\"currency\":\"USD\",\"symbol\":\"ABSI\",\"exchangeName\":\"NM"}
{"name":"yahoo_chart_2","url":"https://query2.finance.yahoo.com/v8/finance/chart/ABSI?interval=1d&range=5y&events=split","status":200,"content_type":"application/json;charset=utf-8","content_length":""}
{"name":"stooq_csv","url":"https://stooq.com/q/d/l/?s=absi.us&i=d","status":200,"content_type":"text/html; charset=utf-8","content_length":"","bytes":796,"preview":"<!DOCTYPE html><html><head><meta charset=\"utf-8\"><meta name=\"robots\" content=\"no"}
{"name":"nasdaq_api","url":"https://api.nasdaq.com/api/quote/ABSI/historical?assetclass=stocks&limit=5","status":null,"error":"TimeoutError: The read operation timed out"}

== diag_net run 2026-09-14T09:56:04Z
{"name":"sec_daily_index","url":"https://www.sec.gov/Archives/edgar/daily-index/master.20260912.idx","status":403,"error":"HTTP 403"}
{"name":"sec_efts_search","url":"https://efts.sec.gov/LATEST/search-index?q=%22&dateRange=custom&startdt=2026-09-12&enddt=2026-09-12&forms=4","status":403,"error":"HTTP 403"}
{"name":"sec_quarter_zip_new","url":"https://www.sec.gov/files/datastandardsinnovation/data/insider-transactions-data-sets/2026q3_form345.zip","status":403,"error":"HTTP 403"}
{"name":"sec_quarter_zip_old","url":"https://www.sec.gov/files/structureddata/data/insider-transactions-data-sets/2026q3_form345.zip","status":403,"error":"HTTP 403"}
{"name":"sec_filing_text","url":"https://www.sec.gov/Archives/edgar/data/1855509/000173112226001019/0001731122-26-001019-index.htm","status":403,"error":"HTTP 403"}
{"name":"yahoo_chart","url":"https://query1.finance.yahoo.com/v8/finance/chart/ABSI?interval=1d&range=5y&events=split","status":200,"content_type":"application/json;charset=utf-8","content_length":"","bytes":135842,"preview":"{\"chart\":{\"result\":[{\"meta\":{\"currency\":\"USD\",\"symbol\":\"ABSI\",\"exchangeName\":\"NM"}
{"name":"yahoo_chart_2","url":"https://query2.finance.yahoo.com/v8/finance/chart/ABSI?interval=1d&range=5y&events=split","status":200,"content_type":"application/json;charset=utf-8","content_length":""}
{"name":"stooq_csv","url":"https://stooq.com/q/d/l/?s=absi.us&i=d","status":200,"content_type":"text/html; charset=utf-8","content_length":"","bytes":796,"preview":"<!DOCTYPE html><html><head><meta charset=\"utf-8\"><meta name=\"robots\" content=\"no"}
{"name":"nasdaq_api","url":"https://api.nasdaq.com/api/quote/ABSI/historical?assetclass=stocks&limit=5","status":null,"error":"TimeoutError: The read operation timed out"}

== diag_net run 2026-09-15T09:32:38Z
{"name":"sec_daily_index","url":"https://www.sec.gov/Archives/edgar/daily-index/master.20260913.idx","status":403,"error":"HTTP 403"}
{"name":"sec_efts_search","url":"https://efts.sec.gov/LATEST/search-index?q=%22&dateRange=custom&startdt=2026-09-13&enddt=2026-09-13&forms=4","status":403,"error":"HTTP 403"}
{"name":"sec_quarter_zip_new","url":"https://www.sec.gov/files/datastandardsinnovation/data/insider-transactions-data-sets/2026q3_form345.zip","status":403,"error":"HTTP 403"}
{"name":"sec_quarter_zip_old","url":"https://www.sec.gov/files/structureddata/data/insider-transactions-data-sets/2026q3_form345.zip","status":403,"error":"HTTP 403"}
{"name":"sec_filing_text","url":"https://www.sec.gov/Archives/edgar/data/1855509/000173112226001019/0001731122-26-001019-index.htm","status":403,"error":"HTTP 403"}
{"name":"yahoo_chart","url":"https://query1.finance.yahoo.com/v8/finance/chart/ABSI?interval=1d&range=5y&events=split","status":200,"content_type":"application/json;charset=utf-8","content_length":"","bytes":135709,"preview":"{\"chart\":{\"result\":[{\"meta\":{\"currency\":\"USD\",\"symbol\":\"ABSI\",\"exchangeName\":\"NM"}
{"name":"yahoo_chart_2","url":"https://query2.finance.yahoo.com/v8/finance/chart/ABSI?interval=1d&range=5y&events=split","status":200,"content_type":"application/json;charset=utf-8","content_length":""}
{"name":"stooq_csv","url":"https://stooq.com/q/d/l/?s=absi.us&i=d","status":200,"content_type":"text/html; charset=utf-8","content_length":"","bytes":796,"preview":"<!DOCTYPE html><html><head><meta charset=\"utf-8\"><meta name=\"robots\" content=\"no"}
{"name":"nasdaq_api","url":"https://api.nasdaq.com/api/quote/ABSI/historical?assetclass=stocks&limit=5","status":null,"error":"TimeoutError: The read operation timed out"}

== diag_net run 2026-09-16T09:26:15Z
{"name":"sec_daily_index","url":"https://www.sec.gov/Archives/edgar/daily-index/master.20260914.idx","status":403,"error":"HTTP 403"}
{"name":"sec_efts_search","url":"https://efts.sec.gov/LATEST/search-index?q=%22&dateRange=custom&startdt=2026-09-14&enddt=2026-09-14&forms=4","status":403,"error":"HTTP 403"}
{"name":"sec_quarter_zip_new","url":"https://www.sec.gov/files/datastandardsinnovation/data/insider-transactions-data-sets/2026q3_form345.zip","status":403,"error":"HTTP 403"}
{"name":"sec_quarter_zip_old","url":"https://www.sec.gov/files/structureddata/data/insider-transactions-data-sets/2026q3_form345.zip","status":403,"error":"HTTP 403"}
{"name":"sec_filing_text","url":"https://www.sec.gov/Archives/edgar/data/1855509/000173112226001019/0001731122-26-001019-index.htm","status":403,"error":"HTTP 403"}
{"name":"yahoo_chart","url":"https://query1.finance.yahoo.com/v8/finance/chart/ABSI?interval=1d&range=5y&events=split","status":200,"content_type":"application/json;charset=utf-8","content_length":"","bytes":135708,"preview":"{\"chart\":{\"result\":[{\"meta\":{\"currency\":\"USD\",\"symbol\":\"ABSI\",\"exchangeName\":\"NM"}
{"name":"yahoo_chart_2","url":"https://query2.finance.yahoo.com/v8/finance/chart/ABSI?interval=1d&range=5y&events=split","status":200,"content_type":"application/json;charset=utf-8","content_length":""}
{"name":"stooq_csv","url":"https://stooq.com/q/d/l/?s=absi.us&i=d","status":200,"content_type":"text/html; charset=utf-8","content_length":"","bytes":796,"preview":"<!DOCTYPE html><html><head><meta charset=\"utf-8\"><meta name=\"robots\" content=\"no"}
{"name":"nasdaq_api","url":"https://api.nasdaq.com/api/quote/ABSI/historical?assetclass=stocks&limit=5","status":null,"error":"TimeoutError: The read operation timed out"}

== diag_net run 2026-09-17T09:32:52Z
{"name":"sec_daily_index","url":"https://www.sec.gov/Archives/edgar/daily-index/master.20260915.idx","status":403,"error":"HTTP 403"}
{"name":"sec_efts_search","url":"https://efts.sec.gov/LATEST/search-index?q=%22&dateRange=custom&startdt=2026-09-15&enddt=2026-09-15&forms=4","status":403,"error":"HTTP 403"}
{"name":"sec_quarter_zip_new","url":"https://www.sec.gov/files/datastandardsinnovation/data/insider-transactions-data-sets/2026q3_form345.zip","status":403,"error":"HTTP 403"}
{"name":"sec_quarter_zip_old","url":"https://www.sec.gov/files/structureddata/data/insider-transactions-data-sets/2026q3_form345.zip","status":403,"error":"HTTP 403"}
{"name":"sec_filing_text","url":"https://www.sec.gov/Archives/edgar/data/1855509/000173112226001019/0001731122-26-001019-index.htm","status":403,"error":"HTTP 403"}
{"name":"yahoo_chart","url":"https://query1.finance.yahoo.com/v8/finance/chart/ABSI?interval=1d&range=5y&events=split","status":429,"error":"HTTP 429"}
{"name":"yahoo_chart_2","url":"https://query2.finance.yahoo.com/v8/finance/chart/ABSI?interval=1d&range=5y&events=split","status":200,"content_type":"application/json;charset=utf-8","content_length":""}
{"name":"stooq_csv","url":"https://stooq.com/q/d/l/?s=absi.us&i=d","status":200,"content_type":"text/html; charset=utf-8","content_length":"","bytes":796,"preview":"<!DOCTYPE html><html><head><meta charset=\"utf-8\"><meta name=\"robots\" content=\"no"}
{"name":"nasdaq_api","url":"https://api.nasdaq.com/api/quote/ABSI/historical?assetclass=stocks&limit=5","status":null,"error":"TimeoutError: The read operation timed out"}

== diag_net run 2026-09-18T09:10:36Z
{"name":"sec_daily_index","url":"https://www.sec.gov/Archives/edgar/daily-index/master.20260916.idx","status":403,"error":"HTTP 403"}
{"name":"sec_efts_search","url":"https://efts.sec.gov/LATEST/search-index?q=%22&dateRange=custom&startdt=2026-09-16&enddt=2026-09-16&forms=4","status":403,"error":"HTTP 403"}
{"name":"sec_quarter_zip_new","url":"https://www.sec.gov/files/datastandardsinnovation/data/insider-transactions-data-sets/2026q3_form345.zip","status":403,"error":"HTTP 403"}
{"name":"sec_quarter_zip_old","url":"https://www.sec.gov/files/structureddata/data/insider-transactions-data-sets/2026q3_form345.zip","status":403,"error":"HTTP 403"}
{"name":"sec_filing_text","url":"https://www.sec.gov/Archives/edgar/data/1855509/000173112226001019/0001731122-26-001019-index.htm","status":403,"error":"HTTP 403"}
{"name":"yahoo_chart","url":"https://query1.finance.yahoo.com/v8/finance/chart/ABSI?interval=1d&range=5y&events=split","status":200,"content_type":"application/json;charset=utf-8","content_length":"","bytes":135712,"preview":"{\"chart\":{\"result\":[{\"meta\":{\"currency\":\"USD\",\"symbol\":\"ABSI\",\"exchangeName\":\"NM"}
{"name":"yahoo_chart_2","url":"https://query2.finance.yahoo.com/v8/finance/chart/ABSI?interval=1d&range=5y&events=split","status":200,"content_type":"application/json;charset=utf-8","content_length":""}
{"name":"stooq_csv","url":"https://stooq.com/q/d/l/?s=absi.us&i=d","status":200,"content_type":"text/html; charset=utf-8","content_length":"","bytes":796,"preview":"<!DOCTYPE html><html><head><meta charset=\"utf-8\"><meta name=\"robots\" content=\"no"}
{"name":"nasdaq_api","url":"https://api.nasdaq.com/api/quote/ABSI/historical?assetclass=stocks&limit=5","status":null,"error":"TimeoutError: The read operation timed out"}

== diag_net run 2026-09-19T08:55:51Z
{"name":"sec_daily_index","url":"https://www.sec.gov/Archives/edgar/daily-index/master.20260917.idx","status":403,"error":"HTTP 403"}
{"name":"sec_efts_search","url":"https://efts.sec.gov/LATEST/search-index?q=%22&dateRange=custom&startdt=2026-09-17&enddt=2026-09-17&forms=4","status":403,"error":"HTTP 403"}
{"name":"sec_quarter_zip_new","url":"https://www.sec.gov/files/datastandardsinnovation/data/insider-transactions-data-sets/2026q3_form345.zip","status":403,"error":"HTTP 403"}
{"name":"sec_quarter_zip_old","url":"https://www.sec.gov/files/structureddata/data/insider-transactions-data-sets/2026q3_form345.zip","status":403,"error":"HTTP 403"}
{"name":"sec_filing_text","url":"https://www.sec.gov/Archives/edgar/data/1855509/000173112226001019/0001731122-26-001019-index.htm","status":403,"error":"HTTP 403"}
{"name":"yahoo_chart","url":"https://query1.finance.yahoo.com/v8/finance/chart/ABSI?interval=1d&range=5y&events=split","status":200,"content_type":"application/json;charset=utf-8","content_length":"","bytes":135820,"preview":"{\"chart\":{\"result\":[{\"meta\":{\"currency\":\"USD\",\"symbol\":\"ABSI\",\"exchangeName\":\"NM"}
{"name":"yahoo_chart_2","url":"https://query2.finance.yahoo.com/v8/finance/chart/ABSI?interval=1d&range=5y&events=split","status":200,"content_type":"application/json;charset=utf-8","content_length":""}
{"name":"stooq_csv","url":"https://stooq.com/q/d/l/?s=absi.us&i=d","status":200,"content_type":"text/html; charset=utf-8","content_length":"","bytes":796,"preview":"<!DOCTYPE html><html><head><meta charset=\"utf-8\"><meta name=\"robots\" content=\"no"}
{"name":"nasdaq_api","url":"https://api.nasdaq.com/api/quote/ABSI/historical?assetclass=stocks&limit=5","status":null,"error":"TimeoutError: The read operation timed out"}

== diag_net run 2026-09-20T09:26:36Z
{"name":"sec_daily_index","url":"https://www.sec.gov/Archives/edgar/daily-index/master.20260918.idx","status":403,"error":"HTTP 403"}
{"name":"sec_efts_search","url":"https://efts.sec.gov/LATEST/search-index?q=%22&dateRange=custom&startdt=2026-09-18&enddt=2026-09-18&forms=4","status":403,"error":"HTTP 403"}
{"name":"sec_quarter_zip_new","url":"https://www.sec.gov/files/datastandardsinnovation/data/insider-transactions-data-sets/2026q3_form345.zip","status":403,"error":"HTTP 403"}
{"name":"sec_quarter_zip_old","url":"https://www.sec.gov/files/structureddata/data/insider-transactions-data-sets/2026q3_form345.zip","status":403,"error":"HTTP 403"}
{"name":"sec_filing_text","url":"https://www.sec.gov/Archives/edgar/data/1855509/000173112226001019/0001731122-26-001019-index.htm","status":403,"error":"HTTP 403"}
{"name":"yahoo_chart","url":"https://query1.finance.yahoo.com/v8/finance/chart/ABSI?interval=1d&range=5y&events=split","status":200,"content_type":"application/json;charset=utf-8","content_length":"","bytes":135820,"preview":"{\"chart\":{\"result\":[{\"meta\":{\"currency\":\"USD\",\"symbol\":\"ABSI\",\"exchangeName\":\"NM"}
{"name":"yahoo_chart_2","url":"https://query2.finance.yahoo.com/v8/finance/chart/ABSI?interval=1d&range=5y&events=split","status":200,"content_type":"application/json;charset=utf-8","content_length":""}
{"name":"stooq_csv","url":"https://stooq.com/q/d/l/?s=absi.us&i=d","status":200,"content_type":"text/html; charset=utf-8","content_length":"","bytes":796,"preview":"<!DOCTYPE html><html><head><meta charset=\"utf-8\"><meta name=\"robots\" content=\"no"}
{"name":"nasdaq_api","url":"https://api.nasdaq.com/api/quote/ABSI/historical?assetclass=stocks&limit=5","status":null,"error":"TimeoutError: The read operation timed out"}

== diag_net run 2026-09-21T10:00:52Z
{"name":"sec_daily_index","url":"https://www.sec.gov/Archives/edgar/daily-index/master.20260919.idx","status":403,"error":"HTTP 403"}
{"name":"sec_efts_search","url":"https://efts.sec.gov/LATEST/search-index?q=%22&dateRange=custom&startdt=2026-09-19&enddt=2026-09-19&forms=4","status":403,"error":"HTTP 403"}
{"name":"sec_quarter_zip_new","url":"https://www.sec.gov/files/datastandardsinnovation/data/insider-transactions-data-sets/2026q3_form345.zip","status":403,"error":"HTTP 403"}
{"name":"sec_quarter_zip_old","url":"https://www.sec.gov/files/structureddata/data/insider-transactions-data-sets/2026q3_form345.zip","status":403,"error":"HTTP 403"}
{"name":"sec_filing_text","url":"https://www.sec.gov/Archives/edgar/data/1855509/000173112226001019/0001731122-26-001019-index.htm","status":403,"error":"HTTP 403"}
{"name":"yahoo_chart","url":"https://query1.finance.yahoo.com/v8/finance/chart/ABSI?interval=1d&range=5y&events=split","status":200,"content_type":"application/json;charset=utf-8","content_length":"","bytes":135819,"preview":"{\"chart\":{\"result\":[{\"meta\":{\"currency\":\"USD\",\"symbol\":\"ABSI\",\"exchangeName\":\"NM"}
{"name":"yahoo_chart_2","url":"https://query2.finance.yahoo.com/v8/finance/chart/ABSI?interval=1d&range=5y&events=split","status":200,"content_type":"application/json;charset=utf-8","content_length":""}
{"name":"stooq_csv","url":"https://stooq.com/q/d/l/?s=absi.us&i=d","status":200,"content_type":"text/html; charset=utf-8","content_length":"","bytes":796,"preview":"<!DOCTYPE html><html><head><meta charset=\"utf-8\"><meta name=\"robots\" content=\"no"}
{"name":"nasdaq_api","url":"https://api.nasdaq.com/api/quote/ABSI/historical?assetclass=stocks&limit=5","status":null,"error":"TimeoutError: The read operation timed out"}

== diag_net run 2026-09-22T09:24:47Z
{"name":"sec_daily_index","url":"https://www.sec.gov/Archives/edgar/daily-index/master.20260920.idx","status":403,"error":"HTTP 403"}
{"name":"sec_efts_search","url":"https://efts.sec.gov/LATEST/search-index?q=%22&dateRange=custom&startdt=2026-09-20&enddt=2026-09-20&forms=4","status":403,"error":"HTTP 403"}
{"name":"sec_quarter_zip_new","url":"https://www.sec.gov/files/datastandardsinnovation/data/insider-transactions-data-sets/2026q3_form345.zip","status":403,"error":"HTTP 403"}
{"name":"sec_quarter_zip_old","url":"https://www.sec.gov/files/structureddata/data/insider-transactions-data-sets/2026q3_form345.zip","status":403,"error":"HTTP 403"}
{"name":"sec_filing_text","url":"https://www.sec.gov/Archives/edgar/data/1855509/000173112226001019/0001731122-26-001019-index.htm","status":403,"error":"HTTP 403"}
{"name":"yahoo_chart","url":"https://query1.finance.yahoo.com/v8/finance/chart/ABSI?interval=1d&range=5y&events=split","status":200,"content_type":"application/json;charset=utf-8","content_length":"","bytes":135694,"preview":"{\"chart\":{\"result\":[{\"meta\":{\"currency\":\"USD\",\"symbol\":\"ABSI\",\"exchangeName\":\"NM"}
{"name":"yahoo_chart_2","url":"https://query2.finance.yahoo.com/v8/finance/chart/ABSI?interval=1d&range=5y&events=split","status":200,"content_type":"application/json;charset=utf-8","content_length":""}
{"name":"stooq_csv","url":"https://stooq.com/q/d/l/?s=absi.us&i=d","status":200,"content_type":"text/html; charset=utf-8","content_length":"","bytes":796,"preview":"<!DOCTYPE html><html><head><meta charset=\"utf-8\"><meta name=\"robots\" content=\"no"}
{"name":"nasdaq_api","url":"https://api.nasdaq.com/api/quote/ABSI/historical?assetclass=stocks&limit=5","status":null,"error":"TimeoutError: The read operation timed out"}

